$TYPE som
$GRID_TOPOLOGY planar
$GRID_LAYOUT rectangular
$XDIM 20
$YDIM 16
$ZDIM 1
$VEC_DIM 11
$STORAGE_DATE 1/4/15 5:13 PM
$TRAINING_TIME 
$LEARNRATE_TYPE exponential
$LEARNRATE_INIT 0.99
$NEIGHBORHOOD_TYPE exponential
$NEIGHBORHOOD_INIT 10.0
$RAND_INIT 7
$ITERATIONS_TOTAL 1500
$NR_TRAINVEC_TOTAL 3166
$ADAPTIVE_COORDINATES_THRESHOLD 
$VEC_NORMALIZED false
$QUANTERROR_MAP 14.527087075107607
$QUANTERROR_VEC 0.00458846717470234
$URL_TRAINING_VEC /home/rich/proj/sos/ex2/wine/wq-n.vec
$URL_TRAINING_VEC_DESCR 
$URL_WEIGHT_VEC /home/rich/proj/sos/ex2/wine/map/wine-20x16-learnRate-0.99/wine-20x16-learnRate-0.99.wgt
$URL_QUANTERR_MAP 
$URL_MAPPED_INPUT_VEC 
$URL_MAPPED_INPUT_VEC_DESCR 
$URL_UNIT_DESCR /home/rich/proj/sos/ex2/wine/map/wine-20x16-learnRate-0.99/wine-20x16-learnRate-0.99.unit
$URL_TEMPLATE_VECTOR /home/rich/proj/sos/ex2/wine/wq-n.vt
$URL_DATA_WINNER_MAPPING /home/rich/proj/sos/ex2/wine/map/wine-20x16-learnRate-0.99/wine-20x16-learnRate-0.99.dwm
$URL_CLASS_INFO 
$URL_LABELS 
$METRIC at.tuwien.ifs.somtoolbox.layers.metrics.L2Metric
$LAYER_REVISION $Revision: 4245 $
$DESCRIPTION 
$AVAILABLE_VIS 
$DATA_TYPE unknown
$DATA_DIM 
